// Jest Snapshot v1, https://goo.gl/fbAQLP

exports[`Should render a Header component 1`] = `
"<h1 className=\\"f1\\">
  Robo friends
</h1>"
`;
