// Jest Snapshot v1, https://goo.gl/fbAQLP

exports[`Should render a Scroll component 1`] = `"<div style={{...}} />"`;
