// Jest Snapshot v1, https://goo.gl/fbAQLP

exports[`<ErrorBoundary /> Should render a ErrorBoundary component 1`] = `"<Fragment />"`;
